2026-09-14T08:12:31.0370000Z ##[group]Run pytest -v
2026-09-14T08:12:31.1110000Z pytest -v
2026-09-14T08:12:31.2220000Z shell: /usr/bin/bash -e {0}
2026-09-14T08:12:31.3700000Z env:
2026-09-14T08:12:31.5550000Z   CASE: none
2026-09-14T08:12:31.5920000Z   pythonLocation: /opt/hostedtoolcache/Python/3.12.6/x64
2026-09-14T08:12:31.6660000Z ##[endgroup]
2026-09-14T08:12:31.7770000Z ============================= test session starts ==============================
2026-09-14T08:12:31.9250000Z platform linux -- Python 3.12.6, pytest-8.3.3, pluggy-1.5.0 -- /opt/hostedtoolcache/Python/3.12.6/x64/bin/python
2026-09-14T08:12:32.1100000Z rootdir: /home/runner/work/shop/shop
2026-09-14T08:12:32.1470000Z collecting ... collected 48 items
2026-09-14T08:12:32.2210000Z 
2026-09-14T08:12:32.3320000Z tests/test_cart.py::test_add_item PASSED                                 [  2%]
2026-09-14T08:12:32.4800000Z tests/test_cart.py::test_remove_item PASSED                              [  4%]
2026-09-14T08:12:32.6650000Z tests/test_checkout.py::test_checkout_no_coupon PASSED                   [ 60%]
2026-09-14T08:12:32.7020000Z tests/test_checkout.py::test_checkout_applies_coupon FAILED              [ 62%]
2026-09-14T08:12:32.7760000Z tests/test_checkout.py::test_checkout_expired_coupon FAILED              [ 64%]
2026-09-14T08:12:32.8870000Z tests/test_checkout.py::test_checkout_free_shipping PASSED               [ 66%]
2026-09-14T08:12:33.0350000Z 
2026-09-14T08:12:33.2200000Z =================================== FAILURES ===================================
2026-09-14T08:12:33.2570000Z _________________________ test_checkout_applies_coupon _________________________
2026-09-14T08:12:33.3310000Z 
2026-09-14T08:12:33.4420000Z cart = <app.cart.Cart object at 0x7f1c2d3a9b50>
2026-09-14T08:12:33.5900000Z 
2026-09-14T08:12:33.7750000Z     def test_checkout_applies_coupon(cart):
2026-09-14T08:12:33.8120000Z >       result = checkout(cart, coupon="SAVE10")
2026-09-14T08:12:33.8860000Z 
2026-09-14T08:12:33.9970000Z tests/test_checkout.py:27:
2026-09-14T08:12:34.1450000Z _ _ _ _ _ _ _ _ _ _ _ _ _ _ _ _ _ _ _ _ _ _ _ _ _ _ _ _ _ _ _ _ _ _ _ _ _ _ _ _
2026-09-14T08:12:34.3300000Z app/checkout.py:58: in checkout
2026-09-14T08:12:34.3670000Z     rate = coupon_rates.get(coupon.upper())
2026-09-14T08:12:34.4410000Z E   AttributeError: 'NoneType' object has no attribute 'get'
2026-09-14T08:12:34.5520000Z _________________________ test_checkout_expired_coupon _________________________
2026-09-14T08:12:34.7000000Z 
2026-09-14T08:12:34.8850000Z cart = <app.cart.Cart object at 0x7f1c2d3a9c10>
2026-09-14T08:12:34.9220000Z 
2026-09-14T08:12:34.9960000Z     def test_checkout_expired_coupon(cart):
2026-09-14T08:12:35.1070000Z >       result = checkout(cart, coupon="OLD5")
2026-09-14T08:12:35.2550000Z 
2026-09-14T08:12:35.4400000Z tests/test_checkout.py:34:
2026-09-14T08:12:35.4770000Z _ _ _ _ _ _ _ _ _ _ _ _ _ _ _ _ _ _ _ _ _ _ _ _ _ _ _ _ _ _ _ _ _ _ _ _ _ _ _ _
2026-09-14T08:12:35.5510000Z app/checkout.py:58: in checkout
2026-09-14T08:12:35.6620000Z     rate = coupon_rates.get(coupon.upper())
2026-09-14T08:12:35.8100000Z E   AttributeError: 'NoneType' object has no attribute 'get'
2026-09-14T08:12:35.9950000Z =========================== short test summary info ============================
2026-09-14T08:12:36.0320000Z FAILED tests/test_checkout.py::test_checkout_applies_coupon - AttributeError: 'NoneType' object has no attribute 'get'
2026-09-14T08:12:36.1060000Z FAILED tests/test_checkout.py::test_checkout_expired_coupon - AttributeError: 'NoneType' object has no attribute 'get'
2026-09-14T08:12:36.2170000Z ========================= 2 failed, 46 passed in 3.87s =========================
2026-09-14T08:12:36.3650000Z ##[error]Process completed with exit code 1.
